// Jest Snapshot v1, https://goo.gl/fbAQLP

exports[`Cart Component renders cart 1`] = `
<div>
  <div>
    <div>
      <button>
        Cart
      </button>
      <span>
        (0)
      </span>
    </div>
  </div>
</div>
`;
