// Jest Snapshot v1, https://goo.gl/fbAQLP

exports[`Shop Component renders shop 1`] = `
<div>
  <div>
    <h1>
      Shop
    </h1>
    <div>
      <h3>
        Apple
      </h3>
      <div
        role="Apple-description"
      >
        fruit
      </div>
      <form>
        <label
          for="amount-to-add-Apple"
        >
          Apple
          s to add: 
        </label>
        <input
          id="amount-to-add-Apple"
          max="99"
          min="0"
          name="amount-to-add-Apple"
          type="number"
          value="1"
        />
        <button
          aria-label="Add Apple To Cart"
          type="submit"
        >
          Add To Cart
        </button>
      </form>
      <div>
        <span
          role="Apple-in-cart"
        >
          0
        </span>
         in cart
      </div>
    </div>
  </div>
</div>
`;
